2026-05-15 04:26:13 DEBUG    keyring.backend — Loading KWallet
2026-05-15 04:26:13 DEBUG    keyring.backend — Loading SecretService
2026-05-15 04:26:13 DEBUG    keyring.backend — Loading Windows
2026-05-15 04:26:13 DEBUG    keyring.backend — Loading chainer
2026-05-15 04:26:13 DEBUG    keyring.backend — Loading libsecret
2026-05-15 04:26:13 DEBUG    keyring.backend — Loading macOS
2026-05-15 04:36:44 DEBUG    keyring.backend — Loading KWallet
2026-05-15 04:36:44 DEBUG    keyring.backend — Loading SecretService
2026-05-15 04:36:44 DEBUG    keyring.backend — Loading Windows
2026-05-15 04:36:44 DEBUG    keyring.backend — Loading chainer
2026-05-15 04:36:44 DEBUG    keyring.backend — Loading libsecret
2026-05-15 04:36:44 DEBUG    keyring.backend — Loading macOS
2026-05-15 04:37:36 DEBUG    keyring.backend — Loading KWallet
2026-05-15 04:37:36 DEBUG    keyring.backend — Loading SecretService
2026-05-15 04:37:36 DEBUG    keyring.backend — Loading Windows
2026-05-15 04:37:36 DEBUG    keyring.backend — Loading chainer
2026-05-15 04:37:36 DEBUG    keyring.backend — Loading libsecret
2026-05-15 04:37:36 DEBUG    keyring.backend — Loading macOS
2026-05-15 05:16:26 DEBUG    keyring.backend — Loading KWallet
2026-05-15 05:16:26 DEBUG    keyring.backend — Loading SecretService
2026-05-15 05:16:26 DEBUG    keyring.backend — Loading Windows
2026-05-15 05:16:26 DEBUG    keyring.backend — Loading chainer
2026-05-15 05:16:26 DEBUG    keyring.backend — Loading libsecret
2026-05-15 05:16:26 DEBUG    keyring.backend — Loading macOS
2026-05-15 05:30:43 DEBUG    keyring.backend — Loading KWallet
2026-05-15 05:30:43 DEBUG    keyring.backend — Loading SecretService
2026-05-15 05:30:43 DEBUG    keyring.backend — Loading Windows
2026-05-15 05:30:43 DEBUG    keyring.backend — Loading chainer
2026-05-15 05:30:43 DEBUG    keyring.backend — Loading libsecret
2026-05-15 05:30:43 DEBUG    keyring.backend — Loading macOS
2026-05-15 05:32:01 DEBUG    keyring.backend — Loading KWallet
2026-05-15 05:32:01 DEBUG    keyring.backend — Loading SecretService
2026-05-15 05:32:01 DEBUG    keyring.backend — Loading Windows
2026-05-15 05:32:01 DEBUG    keyring.backend — Loading chainer
2026-05-15 05:32:01 DEBUG    keyring.backend — Loading libsecret
2026-05-15 05:32:01 DEBUG    keyring.backend — Loading macOS
2026-05-15 06:11:56 DEBUG    keyring.backend — Loading KWallet
2026-05-15 06:11:56 DEBUG    keyring.backend — Loading SecretService
2026-05-15 06:11:56 DEBUG    keyring.backend — Loading Windows
2026-05-15 06:11:56 DEBUG    keyring.backend — Loading chainer
2026-05-15 06:11:56 DEBUG    keyring.backend — Loading libsecret
2026-05-15 06:11:56 DEBUG    keyring.backend — Loading macOS
2026-05-15 06:14:28 DEBUG    keyring.backend — Loading KWallet
2026-05-15 06:14:28 DEBUG    keyring.backend — Loading SecretService
2026-05-15 06:14:28 DEBUG    keyring.backend — Loading Windows
2026-05-15 06:14:28 DEBUG    keyring.backend — Loading chainer
2026-05-15 06:14:28 DEBUG    keyring.backend — Loading libsecret
2026-05-15 06:14:28 DEBUG    keyring.backend — Loading macOS
2026-05-15 06:14:47 DEBUG    keyring.backend — Loading KWallet
2026-05-15 06:14:47 DEBUG    keyring.backend — Loading SecretService
2026-05-15 06:14:47 DEBUG    keyring.backend — Loading Windows
2026-05-15 06:14:47 DEBUG    keyring.backend — Loading chainer
2026-05-15 06:14:47 DEBUG    keyring.backend — Loading libsecret
2026-05-15 06:14:47 DEBUG    keyring.backend — Loading macOS
2026-05-15 07:03:49 DEBUG    keyring.backend — Loading KWallet
2026-05-15 07:03:49 DEBUG    keyring.backend — Loading SecretService
2026-05-15 07:03:49 DEBUG    keyring.backend — Loading Windows
2026-05-15 07:03:49 DEBUG    keyring.backend — Loading chainer
2026-05-15 07:03:49 DEBUG    keyring.backend — Loading libsecret
2026-05-15 07:03:49 DEBUG    keyring.backend — Loading macOS
2026-05-15 07:04:24 DEBUG    keyring.backend — Loading KWallet
2026-05-15 07:04:24 DEBUG    keyring.backend — Loading SecretService
2026-05-15 07:04:24 DEBUG    keyring.backend — Loading Windows
2026-05-15 07:04:24 DEBUG    keyring.backend — Loading chainer
2026-05-15 07:04:24 DEBUG    keyring.backend — Loading libsecret
2026-05-15 07:04:24 DEBUG    keyring.backend — Loading macOS
2026-05-15 07:06:33 DEBUG    keyring.backend — Loading KWallet
2026-05-15 07:06:33 DEBUG    keyring.backend — Loading SecretService
2026-05-15 07:06:33 DEBUG    keyring.backend — Loading Windows
2026-05-15 07:06:33 DEBUG    keyring.backend — Loading chainer
2026-05-15 07:06:33 DEBUG    keyring.backend — Loading libsecret
2026-05-15 07:06:33 DEBUG    keyring.backend — Loading macOS
2026-05-15 07:16:56 DEBUG    keyring.backend — Loading KWallet
2026-05-15 07:16:56 DEBUG    keyring.backend — Loading SecretService
2026-05-15 07:16:56 DEBUG    keyring.backend — Loading Windows
2026-05-15 07:16:56 DEBUG    keyring.backend — Loading chainer
2026-05-15 07:16:56 DEBUG    keyring.backend — Loading libsecret
2026-05-15 07:16:56 DEBUG    keyring.backend — Loading macOS
2026-05-15 14:43:34 DEBUG    keyring.backend — Loading KWallet
2026-05-15 14:43:34 DEBUG    keyring.backend — Loading SecretService
2026-05-15 14:43:34 DEBUG    keyring.backend — Loading Windows
2026-05-15 14:43:34 DEBUG    keyring.backend — Loading chainer
2026-05-15 14:43:34 DEBUG    keyring.backend — Loading libsecret
2026-05-15 14:43:34 DEBUG    keyring.backend — Loading macOS
2026-05-15 17:32:31 DEBUG    keyring.backend — Loading KWallet
2026-05-15 17:32:31 DEBUG    keyring.backend — Loading SecretService
2026-05-15 17:32:31 DEBUG    keyring.backend — Loading Windows
2026-05-15 17:32:31 DEBUG    keyring.backend — Loading chainer
2026-05-15 17:32:31 DEBUG    keyring.backend — Loading libsecret
2026-05-15 17:32:31 DEBUG    keyring.backend — Loading macOS
2026-05-15 17:44:57 DEBUG    keyring.backend — Loading KWallet
2026-05-15 17:44:57 DEBUG    keyring.backend — Loading SecretService
2026-05-15 17:44:57 DEBUG    keyring.backend — Loading Windows
2026-05-15 17:44:57 DEBUG    keyring.backend — Loading chainer
2026-05-15 17:44:57 DEBUG    keyring.backend — Loading libsecret
2026-05-15 17:44:57 DEBUG    keyring.backend — Loading macOS
2026-05-15 17:48:15 DEBUG    keyring.backend — Loading KWallet
2026-05-15 17:48:15 DEBUG    keyring.backend — Loading SecretService
2026-05-15 17:48:15 DEBUG    keyring.backend — Loading Windows
2026-05-15 17:48:15 DEBUG    keyring.backend — Loading chainer
2026-05-15 17:48:15 DEBUG    keyring.backend — Loading libsecret
2026-05-15 17:48:15 DEBUG    keyring.backend — Loading macOS
2026-05-15 18:09:24 DEBUG    keyring.backend — Loading KWallet
2026-05-15 18:09:24 DEBUG    keyring.backend — Loading SecretService
2026-05-15 18:09:24 DEBUG    keyring.backend — Loading Windows
2026-05-15 18:09:24 DEBUG    keyring.backend — Loading chainer
2026-05-15 18:09:24 DEBUG    keyring.backend — Loading libsecret
2026-05-15 18:09:24 DEBUG    keyring.backend — Loading macOS
2026-05-15 18:21:56 DEBUG    keyring.backend — Loading KWallet
2026-05-15 18:21:56 DEBUG    keyring.backend — Loading SecretService
2026-05-15 18:21:56 DEBUG    keyring.backend — Loading Windows
2026-05-15 18:21:56 DEBUG    keyring.backend — Loading chainer
2026-05-15 18:21:56 DEBUG    keyring.backend — Loading libsecret
2026-05-15 18:21:56 DEBUG    keyring.backend — Loading macOS
2026-05-29 03:25:20 DEBUG    keyring.backend — Loading KWallet
2026-05-29 03:25:20 DEBUG    keyring.backend — Loading SecretService
2026-05-29 03:25:20 DEBUG    keyring.backend — Loading Windows
2026-05-29 03:25:20 DEBUG    keyring.backend — Loading chainer
2026-05-29 03:25:20 DEBUG    keyring.backend — Loading libsecret
2026-05-29 03:25:20 DEBUG    keyring.backend — Loading macOS
2026-05-29 03:31:13 DEBUG    keyring.backend — Loading KWallet
2026-05-29 03:31:13 DEBUG    keyring.backend — Loading SecretService
2026-05-29 03:31:13 DEBUG    keyring.backend — Loading Windows
2026-05-29 03:31:13 DEBUG    keyring.backend — Loading chainer
2026-05-29 03:31:13 DEBUG    keyring.backend — Loading libsecret
2026-05-29 03:31:13 DEBUG    keyring.backend — Loading macOS
2026-05-29 03:31:46 DEBUG    keyring.backend — Loading KWallet
2026-05-29 03:31:46 DEBUG    keyring.backend — Loading SecretService
2026-05-29 03:31:46 DEBUG    keyring.backend — Loading Windows
2026-05-29 03:31:46 DEBUG    keyring.backend — Loading chainer
2026-05-29 03:31:46 DEBUG    keyring.backend — Loading libsecret
2026-05-29 03:31:46 DEBUG    keyring.backend — Loading macOS
2026-05-29 03:36:05 DEBUG    keyring.backend — Loading KWallet
2026-05-29 03:36:05 DEBUG    keyring.backend — Loading SecretService
2026-05-29 03:36:05 DEBUG    keyring.backend — Loading Windows
2026-05-29 03:36:05 DEBUG    keyring.backend — Loading chainer
2026-05-29 03:36:05 DEBUG    keyring.backend — Loading libsecret
2026-05-29 03:36:05 DEBUG    keyring.backend — Loading macOS
2026-05-29 03:38:17 DEBUG    keyring.backend — Loading KWallet
2026-05-29 03:38:17 DEBUG    keyring.backend — Loading SecretService
2026-05-29 03:38:17 DEBUG    keyring.backend — Loading Windows
2026-05-29 03:38:17 DEBUG    keyring.backend — Loading chainer
2026-05-29 03:38:17 DEBUG    keyring.backend — Loading libsecret
2026-05-29 03:38:17 DEBUG    keyring.backend — Loading macOS
2026-05-29 03:39:15 DEBUG    keyring.backend — Loading KWallet
2026-05-29 03:39:15 DEBUG    keyring.backend — Loading SecretService
2026-05-29 03:39:15 DEBUG    keyring.backend — Loading Windows
2026-05-29 03:39:15 DEBUG    keyring.backend — Loading chainer
2026-05-29 03:39:15 DEBUG    keyring.backend — Loading libsecret
2026-05-29 03:39:15 DEBUG    keyring.backend — Loading macOS
2026-05-29 03:41:49 DEBUG    gui.main_window — Skipping Docker webmap cleanup — keyring unavailable at shutdown
2026-05-29 03:41:49 DEBUG    keyring.backend — Loading KWallet
2026-05-29 03:41:49 DEBUG    keyring.backend — Loading SecretService
2026-05-29 03:41:49 DEBUG    keyring.backend — Loading Windows
2026-05-29 03:41:49 DEBUG    keyring.backend — Loading chainer
2026-05-29 03:41:49 DEBUG    keyring.backend — Loading libsecret
2026-05-29 03:41:49 DEBUG    keyring.backend — Loading macOS
2026-05-29 03:43:40 DEBUG    keyring.backend — Loading KWallet
2026-05-29 03:43:40 DEBUG    keyring.backend — Loading SecretService
2026-05-29 03:43:40 DEBUG    keyring.backend — Loading Windows
2026-05-29 03:43:40 DEBUG    keyring.backend — Loading chainer
2026-05-29 03:43:40 DEBUG    keyring.backend — Loading libsecret
2026-05-29 03:43:40 DEBUG    keyring.backend — Loading macOS
2026-05-29 03:52:52 DEBUG    keyring.backend — Loading KWallet
2026-05-29 03:52:52 DEBUG    keyring.backend — Loading SecretService
2026-05-29 03:52:52 DEBUG    keyring.backend — Loading Windows
2026-05-29 03:52:52 DEBUG    keyring.backend — Loading chainer
2026-05-29 03:52:52 DEBUG    keyring.backend — Loading libsecret
2026-05-29 03:52:52 DEBUG    keyring.backend — Loading macOS
2026-05-29 03:55:39 DEBUG    keyring.backend — Loading KWallet
2026-05-29 03:55:39 DEBUG    keyring.backend — Loading SecretService
2026-05-29 03:55:39 DEBUG    keyring.backend — Loading Windows
2026-05-29 03:55:39 DEBUG    keyring.backend — Loading chainer
2026-05-29 03:55:39 DEBUG    keyring.backend — Loading libsecret
2026-05-29 03:55:39 DEBUG    keyring.backend — Loading macOS
2026-05-29 03:58:37 DEBUG    keyring.backend — Loading KWallet
2026-05-29 03:58:37 DEBUG    keyring.backend — Loading SecretService
2026-05-29 03:58:37 DEBUG    keyring.backend — Loading Windows
2026-05-29 03:58:37 DEBUG    keyring.backend — Loading chainer
2026-05-29 03:58:37 DEBUG    keyring.backend — Loading libsecret
2026-05-29 03:58:37 DEBUG    keyring.backend — Loading macOS
2026-05-29 04:12:00 DEBUG    keyring.backend — Loading KWallet
2026-05-29 04:12:00 DEBUG    keyring.backend — Loading SecretService
2026-05-29 04:12:00 DEBUG    keyring.backend — Loading Windows
2026-05-29 04:12:00 DEBUG    keyring.backend — Loading chainer
2026-05-29 04:12:00 DEBUG    keyring.backend — Loading libsecret
2026-05-29 04:12:00 DEBUG    keyring.backend — Loading macOS
2026-05-29 04:15:54 DEBUG    keyring.backend — Loading KWallet
2026-05-29 04:15:54 DEBUG    keyring.backend — Loading SecretService
2026-05-29 04:15:54 DEBUG    keyring.backend — Loading Windows
2026-05-29 04:15:54 DEBUG    keyring.backend — Loading chainer
2026-05-29 04:15:54 DEBUG    keyring.backend — Loading libsecret
2026-05-29 04:15:54 DEBUG    keyring.backend — Loading macOS
2026-05-29 04:18:28 DEBUG    keyring.backend — Loading KWallet
2026-05-29 04:18:28 DEBUG    keyring.backend — Loading SecretService
2026-05-29 04:18:28 DEBUG    keyring.backend — Loading Windows
2026-05-29 04:18:28 DEBUG    keyring.backend — Loading chainer
2026-05-29 04:18:28 DEBUG    keyring.backend — Loading libsecret
2026-05-29 04:18:28 DEBUG    keyring.backend — Loading macOS
2026-05-29 04:27:46 DEBUG    keyring.backend — Loading KWallet
2026-05-29 04:27:46 DEBUG    keyring.backend — Loading SecretService
2026-05-29 04:27:46 DEBUG    keyring.backend — Loading Windows
2026-05-29 04:27:46 DEBUG    keyring.backend — Loading chainer
2026-05-29 04:27:46 DEBUG    keyring.backend — Loading libsecret
2026-05-29 04:27:46 DEBUG    keyring.backend — Loading macOS
2026-05-29 04:29:14 DEBUG    keyring.backend — Loading KWallet
2026-05-29 04:29:14 DEBUG    keyring.backend — Loading SecretService
2026-05-29 04:29:14 DEBUG    keyring.backend — Loading Windows
2026-05-29 04:29:14 DEBUG    keyring.backend — Loading chainer
2026-05-29 04:29:14 DEBUG    keyring.backend — Loading libsecret
2026-05-29 04:29:14 DEBUG    keyring.backend — Loading macOS
2026-05-29 04:34:14 DEBUG    keyring.backend — Loading KWallet
2026-05-29 04:34:14 DEBUG    keyring.backend — Loading SecretService
2026-05-29 04:34:14 DEBUG    keyring.backend — Loading Windows
2026-05-29 04:34:14 DEBUG    keyring.backend — Loading chainer
2026-05-29 04:34:14 DEBUG    keyring.backend — Loading libsecret
2026-05-29 04:34:14 DEBUG    keyring.backend — Loading macOS
2026-05-29 04:34:28 DEBUG    keyring.backend — Loading KWallet
2026-05-29 04:34:28 DEBUG    keyring.backend — Loading SecretService
2026-05-29 04:34:28 DEBUG    keyring.backend — Loading Windows
2026-05-29 04:34:28 DEBUG    keyring.backend — Loading chainer
2026-05-29 04:34:28 DEBUG    keyring.backend — Loading libsecret
2026-05-29 04:34:28 DEBUG    keyring.backend — Loading macOS
2026-05-29 04:35:46 DEBUG    keyring.backend — Loading KWallet
2026-05-29 04:35:46 DEBUG    keyring.backend — Loading SecretService
2026-05-29 04:35:46 DEBUG    keyring.backend — Loading Windows
2026-05-29 04:35:46 DEBUG    keyring.backend — Loading chainer
2026-05-29 04:35:46 DEBUG    keyring.backend — Loading libsecret
2026-05-29 04:35:46 DEBUG    keyring.backend — Loading macOS
2026-05-29 04:43:41 DEBUG    keyring.backend — Loading KWallet
2026-05-29 04:43:41 DEBUG    keyring.backend — Loading SecretService
2026-05-29 04:43:41 DEBUG    keyring.backend — Loading Windows
2026-05-29 04:43:41 DEBUG    keyring.backend — Loading chainer
2026-05-29 04:43:41 DEBUG    keyring.backend — Loading libsecret
2026-05-29 04:43:41 DEBUG    keyring.backend — Loading macOS
2026-05-29 04:49:26 DEBUG    keyring.backend — Loading KWallet
2026-05-29 04:49:26 DEBUG    keyring.backend — Loading SecretService
2026-05-29 04:49:26 DEBUG    keyring.backend — Loading Windows
2026-05-29 04:49:26 DEBUG    keyring.backend — Loading chainer
2026-05-29 04:49:26 DEBUG    keyring.backend — Loading libsecret
2026-05-29 04:49:26 DEBUG    keyring.backend — Loading macOS
2026-05-29 04:55:22 DEBUG    keyring.backend — Loading KWallet
2026-05-29 04:55:22 DEBUG    keyring.backend — Loading SecretService
2026-05-29 04:55:22 DEBUG    keyring.backend — Loading Windows
2026-05-29 04:55:22 DEBUG    keyring.backend — Loading chainer
2026-05-29 04:55:22 DEBUG    keyring.backend — Loading libsecret
2026-05-29 04:55:22 DEBUG    keyring.backend — Loading macOS
2026-05-29 05:02:25 DEBUG    keyring.backend — Loading KWallet
2026-05-29 05:02:25 DEBUG    keyring.backend — Loading SecretService
2026-05-29 05:02:25 DEBUG    keyring.backend — Loading Windows
2026-05-29 05:02:25 DEBUG    keyring.backend — Loading chainer
2026-05-29 05:02:25 DEBUG    keyring.backend — Loading libsecret
2026-05-29 05:02:25 DEBUG    keyring.backend — Loading macOS
2026-05-29 05:06:49 DEBUG    keyring.backend — Loading KWallet
2026-05-29 05:06:49 DEBUG    keyring.backend — Loading SecretService
2026-05-29 05:06:49 DEBUG    keyring.backend — Loading Windows
2026-05-29 05:06:49 DEBUG    keyring.backend — Loading chainer
2026-05-29 05:06:49 DEBUG    keyring.backend — Loading libsecret
2026-05-29 05:06:49 DEBUG    keyring.backend — Loading macOS
2026-05-29 05:13:08 DEBUG    keyring.backend — Loading KWallet
2026-05-29 05:13:08 DEBUG    keyring.backend — Loading SecretService
2026-05-29 05:13:08 DEBUG    keyring.backend — Loading Windows
2026-05-29 05:13:08 DEBUG    keyring.backend — Loading chainer
2026-05-29 05:13:08 DEBUG    keyring.backend — Loading libsecret
2026-05-29 05:13:08 DEBUG    keyring.backend — Loading macOS
2026-05-29 05:14:20 DEBUG    keyring.backend — Loading KWallet
2026-05-29 05:14:20 DEBUG    keyring.backend — Loading SecretService
2026-05-29 05:14:20 DEBUG    keyring.backend — Loading Windows
2026-05-29 05:14:20 DEBUG    keyring.backend — Loading chainer
2026-05-29 05:14:20 DEBUG    keyring.backend — Loading libsecret
2026-05-29 05:14:20 DEBUG    keyring.backend — Loading macOS
2026-05-29 05:15:01 DEBUG    keyring.backend — Loading KWallet
2026-05-29 05:15:01 DEBUG    keyring.backend — Loading SecretService
2026-05-29 05:15:01 DEBUG    keyring.backend — Loading Windows
2026-05-29 05:15:01 DEBUG    keyring.backend — Loading chainer
2026-05-29 05:15:01 DEBUG    keyring.backend — Loading libsecret
2026-05-29 05:15:01 DEBUG    keyring.backend — Loading macOS
2026-05-29 05:18:44 DEBUG    keyring.backend — Loading KWallet
2026-05-29 05:18:44 DEBUG    keyring.backend — Loading SecretService
2026-05-29 05:18:44 DEBUG    keyring.backend — Loading Windows
2026-05-29 05:18:44 DEBUG    keyring.backend — Loading chainer
2026-05-29 05:18:44 DEBUG    keyring.backend — Loading libsecret
2026-05-29 05:18:44 DEBUG    keyring.backend — Loading macOS
2026-05-29 05:26:30 DEBUG    keyring.backend — Loading KWallet
2026-05-29 05:26:30 DEBUG    keyring.backend — Loading SecretService
2026-05-29 05:26:30 DEBUG    keyring.backend — Loading Windows
2026-05-29 05:26:30 DEBUG    keyring.backend — Loading chainer
2026-05-29 05:26:30 DEBUG    keyring.backend — Loading libsecret
2026-05-29 05:26:30 DEBUG    keyring.backend — Loading macOS
2026-05-29 05:44:24 DEBUG    keyring.backend — Loading KWallet
2026-05-29 05:44:24 DEBUG    keyring.backend — Loading SecretService
2026-05-29 05:44:24 DEBUG    keyring.backend — Loading Windows
2026-05-29 05:44:24 DEBUG    keyring.backend — Loading chainer
2026-05-29 05:44:24 DEBUG    keyring.backend — Loading libsecret
2026-05-29 05:44:24 DEBUG    keyring.backend — Loading macOS
2026-05-29 05:45:01 DEBUG    keyring.backend — Loading KWallet
2026-05-29 05:45:01 DEBUG    keyring.backend — Loading SecretService
2026-05-29 05:45:01 DEBUG    keyring.backend — Loading Windows
2026-05-29 05:45:01 DEBUG    keyring.backend — Loading chainer
2026-05-29 05:45:01 DEBUG    keyring.backend — Loading libsecret
2026-05-29 05:45:01 DEBUG    keyring.backend — Loading macOS
2026-05-29 05:45:15 DEBUG    keyring.backend — Loading KWallet
2026-05-29 05:45:15 DEBUG    keyring.backend — Loading SecretService
2026-05-29 05:45:15 DEBUG    keyring.backend — Loading Windows
2026-05-29 05:45:15 DEBUG    keyring.backend — Loading chainer
2026-05-29 05:45:15 DEBUG    keyring.backend — Loading libsecret
2026-05-29 05:45:15 DEBUG    keyring.backend — Loading macOS
2026-05-29 05:45:24 DEBUG    keyring.backend — Loading KWallet
2026-05-29 05:45:24 DEBUG    keyring.backend — Loading SecretService
2026-05-29 05:45:24 DEBUG    keyring.backend — Loading Windows
2026-05-29 05:45:24 DEBUG    keyring.backend — Loading chainer
2026-05-29 05:45:24 DEBUG    keyring.backend — Loading libsecret
2026-05-29 05:45:24 DEBUG    keyring.backend — Loading macOS
2026-05-29 08:30:27 DEBUG    keyring.backend — Loading KWallet
2026-05-29 08:30:27 DEBUG    keyring.backend — Loading SecretService
2026-05-29 08:30:27 DEBUG    keyring.backend — Loading Windows
2026-05-29 08:30:27 DEBUG    keyring.backend — Loading chainer
2026-05-29 08:30:27 DEBUG    keyring.backend — Loading libsecret
2026-05-29 08:30:27 DEBUG    keyring.backend — Loading macOS
2026-05-29 08:33:09 DEBUG    keyring.backend — Loading KWallet
2026-05-29 08:33:09 DEBUG    keyring.backend — Loading SecretService
2026-05-29 08:33:09 DEBUG    keyring.backend — Loading Windows
2026-05-29 08:33:09 DEBUG    keyring.backend — Loading chainer
2026-05-29 08:33:09 DEBUG    keyring.backend — Loading libsecret
2026-05-29 08:33:09 DEBUG    keyring.backend — Loading macOS
2026-05-29 08:36:04 DEBUG    keyring.backend — Loading KWallet
2026-05-29 08:36:04 DEBUG    keyring.backend — Loading SecretService
2026-05-29 08:36:04 DEBUG    keyring.backend — Loading Windows
2026-05-29 08:36:04 DEBUG    keyring.backend — Loading chainer
2026-05-29 08:36:04 DEBUG    keyring.backend — Loading libsecret
2026-05-29 08:36:04 DEBUG    keyring.backend — Loading macOS
2026-05-29 08:37:32 DEBUG    keyring.backend — Loading KWallet
2026-05-29 08:37:32 DEBUG    keyring.backend — Loading SecretService
2026-05-29 08:37:32 DEBUG    keyring.backend — Loading Windows
2026-05-29 08:37:32 DEBUG    keyring.backend — Loading chainer
2026-05-29 08:37:32 DEBUG    keyring.backend — Loading libsecret
2026-05-29 08:37:32 DEBUG    keyring.backend — Loading macOS
2026-05-29 08:38:38 DEBUG    keyring.backend — Loading KWallet
2026-05-29 08:38:38 DEBUG    keyring.backend — Loading SecretService
2026-05-29 08:38:38 DEBUG    keyring.backend — Loading Windows
2026-05-29 08:38:38 DEBUG    keyring.backend — Loading chainer
2026-05-29 08:38:38 DEBUG    keyring.backend — Loading libsecret
2026-05-29 08:38:38 DEBUG    keyring.backend — Loading macOS
2026-05-29 08:51:29 DEBUG    keyring.backend — Loading KWallet
2026-05-29 08:51:29 DEBUG    keyring.backend — Loading SecretService
2026-05-29 08:51:29 DEBUG    keyring.backend — Loading Windows
2026-05-29 08:51:29 DEBUG    keyring.backend — Loading chainer
2026-05-29 08:51:29 DEBUG    keyring.backend — Loading libsecret
2026-05-29 08:51:29 DEBUG    keyring.backend — Loading macOS
2026-05-29 08:56:40 DEBUG    keyring.backend — Loading KWallet
2026-05-29 08:56:40 DEBUG    keyring.backend — Loading SecretService
2026-05-29 08:56:40 DEBUG    keyring.backend — Loading Windows
2026-05-29 08:56:40 DEBUG    keyring.backend — Loading chainer
2026-05-29 08:56:40 DEBUG    keyring.backend — Loading libsecret
2026-05-29 08:56:40 DEBUG    keyring.backend — Loading macOS
2026-05-29 08:59:53 DEBUG    keyring.backend — Loading KWallet
2026-05-29 08:59:53 DEBUG    keyring.backend — Loading SecretService
2026-05-29 08:59:53 DEBUG    keyring.backend — Loading Windows
2026-05-29 08:59:53 DEBUG    keyring.backend — Loading chainer
2026-05-29 08:59:53 DEBUG    keyring.backend — Loading libsecret
2026-05-29 08:59:53 DEBUG    keyring.backend — Loading macOS
2026-05-29 09:15:34 DEBUG    keyring.backend — Loading KWallet
2026-05-29 09:15:34 DEBUG    keyring.backend — Loading SecretService
2026-05-29 09:15:34 DEBUG    keyring.backend — Loading Windows
2026-05-29 09:15:34 DEBUG    keyring.backend — Loading chainer
2026-05-29 09:15:34 DEBUG    keyring.backend — Loading libsecret
2026-05-29 09:15:34 DEBUG    keyring.backend — Loading macOS
2026-05-29 18:17:49 ERROR    core.mixins.tab_manager — Failed to load file into tab: /home/kali/PycharmProjects/App_beta/usermodules/testfolder/Cyberpunk (short 2).wav
Traceback (most recent call last):
  File "/home/kali/PycharmProjects/App_beta/core/mixins/tab_manager.py", line 96, in _load_file_into_tab
    file_class = FILE_LOADERS[file_class_name]
                 ~~~~~~~~~~~~^^^^^^^^^^^^^^^^^
KeyError: 'Audio_file'
2026-05-29 18:18:06 ERROR    core.mixins.tab_manager — Failed to load file into tab: /home/kali/PycharmProjects/App_beta/usermodules/testfolder/Cyberpunk (short 2).wav
Traceback (most recent call last):
  File "/home/kali/PycharmProjects/App_beta/core/mixins/tab_manager.py", line 96, in _load_file_into_tab
    file_class = FILE_LOADERS[file_class_name]
                 ~~~~~~~~~~~~^^^^^^^^^^^^^^^^^
KeyError: 'Audio_file'
2026-05-30 01:01:01 ERROR    core.mixins.tab_manager — Failed to load file into tab: /home/kali/PycharmProjects/App_beta/usermodules/testfolder/Cyberpunk (short 2).wav
Traceback (most recent call last):
  File "/home/kali/PycharmProjects/App_beta/core/mixins/tab_manager.py", line 96, in _load_file_into_tab
    file_class = FILE_LOADERS[file_class_name]
                 ~~~~~~~~~~~~^^^^^^^^^^^^^^^^^
KeyError: 'Audio_file'
2026-05-30 01:01:08 ERROR    core.mixins.tab_manager — Failed to load file into tab: /home/kali/PycharmProjects/App_beta/usermodules/testfolder/Cyberpunk (short 2).wav
Traceback (most recent call last):
  File "/home/kali/PycharmProjects/App_beta/core/mixins/tab_manager.py", line 96, in _load_file_into_tab
    file_class = FILE_LOADERS[file_class_name]
                 ~~~~~~~~~~~~^^^^^^^^^^^^^^^^^
KeyError: 'Audio_file'
2026-05-30 02:36:54 ERROR    core.mixins.tab_manager — Failed to load file into tab: /home/kali/PycharmProjects/App_beta/usermodules/testfolder/PurrSh3ll_presentation_valid.mp4
Traceback (most recent call last):
  File "/home/kali/PycharmProjects/App_beta/core/mixins/tab_manager.py", line 98, in _load_file_into_tab
    file_class = FILE_LOADERS[file_class_name]
                 ~~~~~~~~~~~~^^^^^^^^^^^^^^^^^
KeyError: 'Video_file'
2026-05-30 02:37:02 ERROR    core.mixins.tab_manager — Failed to load file into tab: /home/kali/PycharmProjects/App_beta/usermodules/testfolder/Shakira, Burna Boy - Dai Dai (Official Video).mp4
Traceback (most recent call last):
  File "/home/kali/PycharmProjects/App_beta/core/mixins/tab_manager.py", line 98, in _load_file_into_tab
    file_class = FILE_LOADERS[file_class_name]
                 ~~~~~~~~~~~~^^^^^^^^^^^^^^^^^
KeyError: 'Video_file'
2026-05-30 15:33:34 ERROR    core.mixins.tab_manager — Failed to load file into tab: /home/kali/PycharmProjects/App_beta/usermodules/testfolder/Sample PDF - sample-local-pdf.pdf
Traceback (most recent call last):
  File "/home/kali/PycharmProjects/App_beta/core/mixins/tab_manager.py", line 100, in _load_file_into_tab
    file_class = FILE_LOADERS[file_class_name]
                 ~~~~~~~~~~~~^^^^^^^^^^^^^^^^^
KeyError: 'Pdf_file'
2026-05-30 15:47:37 ERROR    core.mixins.tab_manager — Failed to load file into tab: /home/kali/PycharmProjects/App_beta/usermodules/testfolder/Sample PDF - sample-local-pdf.pdf
Traceback (most recent call last):
  File "/home/kali/PycharmProjects/App_beta/core/mixins/tab_manager.py", line 104, in _load_file_into_tab
    content_widget = loader.load_file(
        full_path,
    ...<2 lines>...
        threads_list=self.threads
    )
  File "/home/kali/PycharmProjects/App_beta/file_loaders/pdf_file.py", line 121, in load_file
    self._build_ui(outer_layout, path)
    ~~~~~~~~~~~~~~^^^^^^^^^^^^^^^^^^^^
  File "/home/kali/PycharmProjects/App_beta/file_loaders/pdf_file.py", line 286, in _build_ui
    self._scroll_area.viewport().installEventFilter(self)
    ~~~~~~~~~~~~~~~~~~~~~~~~~~~~~~~~~~~~~~~~~~~~~~~^^^^^^
TypeError: installEventFilter(self, a0: Optional[QObject]): argument 1 has unexpected type 'Pdf_file'
2026-05-30 15:47:43 ERROR    core.mixins.tab_manager — Failed to load file into tab: /home/kali/PycharmProjects/App_beta/usermodules/testfolder/Sample PDF - sample-local-pdf.pdf
Traceback (most recent call last):
  File "/home/kali/PycharmProjects/App_beta/core/mixins/tab_manager.py", line 104, in _load_file_into_tab
    content_widget = loader.load_file(
        full_path,
    ...<2 lines>...
        threads_list=self.threads
    )
  File "/home/kali/PycharmProjects/App_beta/file_loaders/pdf_file.py", line 121, in load_file
    self._build_ui(outer_layout, path)
    ~~~~~~~~~~~~~~^^^^^^^^^^^^^^^^^^^^
  File "/home/kali/PycharmProjects/App_beta/file_loaders/pdf_file.py", line 286, in _build_ui
    self._scroll_area.viewport().installEventFilter(self)
    ~~~~~~~~~~~~~~~~~~~~~~~~~~~~~~~~~~~~~~~~~~~~~~~^^^^^^
TypeError: installEventFilter(self, a0: Optional[QObject]): argument 1 has unexpected type 'Pdf_file'
2026-05-30 15:48:23 ERROR    core.mixins.tab_manager — Failed to load file into tab: /home/kali/PycharmProjects/App_beta/usermodules/testfolder/Sample PDF - sample-local-pdf.pdf
Traceback (most recent call last):
  File "/home/kali/PycharmProjects/App_beta/core/mixins/tab_manager.py", line 104, in _load_file_into_tab
    content_widget = loader.load_file(
        full_path,
    ...<2 lines>...
        threads_list=self.threads
    )
  File "/home/kali/PycharmProjects/App_beta/file_loaders/pdf_file.py", line 121, in load_file
    self._build_ui(outer_layout, path)
    ~~~~~~~~~~~~~~^^^^^^^^^^^^^^^^^^^^
  File "/home/kali/PycharmProjects/App_beta/file_loaders/pdf_file.py", line 286, in _build_ui
    self._scroll_area.viewport().installEventFilter(self)
    ~~~~~~~~~~~~~~~~~~~~~~~~~~~~~~~~~~~~~~~~~~~~~~~^^^^^^
TypeError: installEventFilter(self, a0: Optional[QObject]): argument 1 has unexpected type 'Pdf_file'
2026-05-31 06:10:02 ERROR    core.mixins.tab_manager — Failed to load file into tab: /home/kali/PycharmProjects/App_beta/usermodules/testfolder/business-operations-survey-2023-CSV-notes.xlsx
Traceback (most recent call last):
  File "/home/kali/PycharmProjects/App_beta/core/mixins/tab_manager.py", line 102, in _load_file_into_tab
    file_class = FILE_LOADERS[file_class_name]
                 ~~~~~~~~~~~~^^^^^^^^^^^^^^^^^
KeyError: 'Excel_file'
2026-06-04 11:10:55 DEBUG    keyring.backend — Loading KWallet
2026-06-04 11:10:55 DEBUG    keyring.backend — Loading SecretService
2026-06-04 11:10:55 DEBUG    keyring.backend — Loading Windows
2026-06-04 11:10:55 DEBUG    keyring.backend — Loading chainer
2026-06-04 11:10:55 DEBUG    keyring.backend — Loading libsecret
2026-06-04 11:10:55 DEBUG    keyring.backend — Loading macOS
2026-06-04 11:30:45 DEBUG    keyring.backend — Loading KWallet
2026-06-04 11:30:45 DEBUG    keyring.backend — Loading SecretService
2026-06-04 11:30:45 DEBUG    keyring.backend — Loading Windows
2026-06-04 11:30:45 DEBUG    keyring.backend — Loading chainer
2026-06-04 11:30:45 DEBUG    keyring.backend — Loading libsecret
2026-06-04 11:30:45 DEBUG    keyring.backend — Loading macOS
2026-06-04 11:33:58 DEBUG    keyring.backend — Loading KWallet
2026-06-04 11:33:58 DEBUG    keyring.backend — Loading SecretService
2026-06-04 11:33:58 DEBUG    keyring.backend — Loading Windows
2026-06-04 11:33:58 DEBUG    keyring.backend — Loading chainer
2026-06-04 11:33:58 DEBUG    keyring.backend — Loading libsecret
2026-06-04 11:33:58 DEBUG    keyring.backend — Loading macOS
2026-06-04 11:37:31 DEBUG    keyring.backend — Loading KWallet
2026-06-04 11:37:31 DEBUG    keyring.backend — Loading SecretService
2026-06-04 11:37:32 DEBUG    keyring.backend — Loading Windows
2026-06-04 11:37:32 DEBUG    keyring.backend — Loading chainer
2026-06-04 11:37:32 DEBUG    keyring.backend — Loading libsecret
2026-06-04 11:37:32 DEBUG    keyring.backend — Loading macOS
2026-06-04 12:18:03 DEBUG    keyring.backend — Loading KWallet
2026-06-04 12:18:03 DEBUG    keyring.backend — Loading SecretService
2026-06-04 12:18:03 DEBUG    keyring.backend — Loading Windows
2026-06-04 12:18:03 DEBUG    keyring.backend — Loading chainer
2026-06-04 12:18:03 DEBUG    keyring.backend — Loading libsecret
2026-06-04 12:18:03 DEBUG    keyring.backend — Loading macOS
2026-06-04 12:29:58 DEBUG    keyring.backend — Loading KWallet
2026-06-04 12:29:58 DEBUG    keyring.backend — Loading SecretService
2026-06-04 12:29:58 DEBUG    keyring.backend — Loading Windows
2026-06-04 12:29:58 DEBUG    keyring.backend — Loading chainer
2026-06-04 12:29:58 DEBUG    keyring.backend — Loading libsecret
2026-06-04 12:29:58 DEBUG    keyring.backend — Loading macOS
2026-06-04 12:41:36 DEBUG    keyring.backend — Loading KWallet
2026-06-04 12:41:36 DEBUG    keyring.backend — Loading SecretService
2026-06-04 12:41:36 DEBUG    keyring.backend — Loading Windows
2026-06-04 12:41:36 DEBUG    keyring.backend — Loading chainer
2026-06-04 12:41:36 DEBUG    keyring.backend — Loading libsecret
2026-06-04 12:41:36 DEBUG    keyring.backend — Loading macOS
2026-06-05 02:16:29 DEBUG    keyring.backend — Loading KWallet
2026-06-05 02:16:29 DEBUG    keyring.backend — Loading SecretService
2026-06-05 02:16:29 DEBUG    keyring.backend — Loading Windows
2026-06-05 02:16:29 DEBUG    keyring.backend — Loading chainer
2026-06-05 02:16:29 DEBUG    keyring.backend — Loading libsecret
2026-06-05 02:16:29 DEBUG    keyring.backend — Loading macOS
2026-06-05 02:23:00 DEBUG    keyring.backend — Loading KWallet
2026-06-05 02:23:00 DEBUG    keyring.backend — Loading SecretService
2026-06-05 02:23:00 DEBUG    keyring.backend — Loading Windows
2026-06-05 02:23:00 DEBUG    keyring.backend — Loading chainer
2026-06-05 02:23:00 DEBUG    keyring.backend — Loading libsecret
2026-06-05 02:23:00 DEBUG    keyring.backend — Loading macOS
2026-06-05 03:01:48 DEBUG    keyring.backend — Loading KWallet
2026-06-05 03:01:48 DEBUG    keyring.backend — Loading SecretService
2026-06-05 03:01:48 DEBUG    keyring.backend — Loading Windows
2026-06-05 03:01:48 DEBUG    keyring.backend — Loading chainer
2026-06-05 03:01:48 DEBUG    keyring.backend — Loading libsecret
2026-06-05 03:01:48 DEBUG    keyring.backend — Loading macOS
2026-06-05 03:28:02 DEBUG    keyring.backend — Loading KWallet
2026-06-05 03:28:02 DEBUG    keyring.backend — Loading SecretService
2026-06-05 03:28:02 DEBUG    keyring.backend — Loading Windows
2026-06-05 03:28:02 DEBUG    keyring.backend — Loading chainer
2026-06-05 03:28:02 DEBUG    keyring.backend — Loading libsecret
2026-06-05 03:28:02 DEBUG    keyring.backend — Loading macOS
2026-06-05 03:39:34 DEBUG    keyring.backend — Loading KWallet
2026-06-05 03:39:34 DEBUG    keyring.backend — Loading SecretService
2026-06-05 03:39:34 DEBUG    keyring.backend — Loading Windows
2026-06-05 03:39:34 DEBUG    keyring.backend — Loading chainer
2026-06-05 03:39:34 DEBUG    keyring.backend — Loading libsecret
2026-06-05 03:39:34 DEBUG    keyring.backend — Loading macOS
2026-06-05 03:39:51 DEBUG    chromadb.config — Starting component System
2026-06-05 03:39:51 DEBUG    chromadb.config — Starting component Posthog
